src/popup/popup.ts(22,27): error TS2304: Cannot find name 'chrome'.
src/popup/popup.ts(31,31): error TS2304: Cannot find name 'chrome'.
src/popup/popup.ts(39,38): error TS7006: Parameter 'cookie' implicitly has an 'any' type.
